[   25633ms] [ERROR] Failed to load resource: the server responded with a status of 404 (Not Found) @ http://localhost:5173/api/media/62:0
[   25683ms] [ERROR] Failed to load resource: the server responded with a status of 404 (Not Found) @ http://localhost:5173/api/interactions/rating/62:0
[  283151ms] [WARNING] [Vue warn]: Property "filterLabel" was accessed during render but is not defined on instance. 
  at <MediaSquareView onVnodeUnmounted=fn<onVnodeUnmounted> ref=Ref< Proxy(Object) > > 
  at <RouterView> 
  at <App> @ http://localhost:5173/node_modules/.vite/deps/chunk-FT3SB2S6.js?v=44d99f12:2229
[  287092ms] [WARNING] [Vue warn]: Property "filterLabel" was accessed during render but is not defined on instance. 
  at <MediaSquareView onVnodeUnmounted=fn<onVnodeUnmounted> ref=Ref< null > > 
  at <RouterView> 
  at <App> @ http://localhost:5173/node_modules/.vite/deps/chunk-FT3SB2S6.js?v=44d99f12:2229
[  288421ms] [WARNING] [Vue warn]: Property "filterLabel" was accessed during render but is not defined on instance. 
  at <MediaSquareView onVnodeUnmounted=fn<onVnodeUnmounted> ref=Ref< Proxy(Object) > > 
  at <RouterView> 
  at <App> @ http://localhost:5173/node_modules/.vite/deps/chunk-FT3SB2S6.js?v=44d99f12:2229
[  291022ms] [WARNING] [Vue warn]: Property "filterLabel" was accessed during render but is not defined on instance. 
  at <MediaSquareView onVnodeUnmounted=fn<onVnodeUnmounted> ref=Ref< Proxy(Object) > > 
  at <RouterView> 
  at <App> @ http://localhost:5173/node_modules/.vite/deps/chunk-FT3SB2S6.js?v=44d99f12:2229
[  386243ms] [ERROR] Failed to load resource: the server responded with a status of 500 (Internal Server Error) @ http://localhost:5173/api/subscriptions/14867/vote:0
[  387570ms] [ERROR] Failed to load resource: the server responded with a status of 500 (Internal Server Error) @ http://localhost:5173/api/subscriptions/14867/vote:0
[  388362ms] [ERROR] Failed to load resource: the server responded with a status of 500 (Internal Server Error) @ http://localhost:5173/api/subscriptions/14867:0
[  389488ms] [ERROR] Failed to load resource: the server responded with a status of 500 (Internal Server Error) @ http://localhost:5173/api/subscriptions/14867/vote:0
[  390098ms] [ERROR] Failed to load resource: the server responded with a status of 500 (Internal Server Error) @ http://localhost:5173/api/subscriptions/14867:0
[  392904ms] [ERROR] Failed to load resource: the server responded with a status of 404 (Not Found) @ http://localhost:5173/api/interactions/status?status=not_interested:0
